// Jest Snapshot v1, https://goo.gl/fbAQLP

exports[`List page renders the list page 1`] = `
<ul
  aria-label="villagers"
>
  <li>
    <h3>
      test
    </h3>
    <img
      alt="test"
      src="fake"
    />
    <p>
      sure
    </p>
  </li>
</ul>
`;
